2026-03-05 17:04:52,376 [ERROR] __main__: Correlation Heatmap failed: Number of columns must be a positive integer, not 0
2026-03-10 07:59:24,184 [INFO] logic.model_manager: Trained and saved: Random Forest
2026-03-10 07:59:24,292 [INFO] logic.model_manager: Trained and saved: Logistic Regression
2026-03-10 07:59:24,326 [INFO] logic.model_manager: Trained and saved: SVM
2026-03-10 07:59:26,913 [INFO] logic.model_manager: Trained and saved: XGBoost
2026-03-10 11:51:05,041 [INFO] logic.model_manager: Trained and saved: Random Forest
2026-03-10 11:51:05,113 [INFO] logic.model_manager: Trained and saved: Logistic Regression
2026-03-10 11:51:05,143 [INFO] logic.model_manager: Trained and saved: SVM
2026-03-10 11:51:07,377 [INFO] logic.model_manager: Trained and saved: XGBoost
2026-03-10 19:59:35,100 [ERROR] logic.model_manager: Error loading model 'XGBoost': 'ModelManager' object has no attribute 'xgb_model'
2026-03-10 19:59:37,947 [ERROR] logic.model_manager: Error loading model 'XGBoost': 'ModelManager' object has no attribute 'xgb_model'
2026-03-10 20:00:13,115 [INFO] logic.model_manager: Trained and saved: Random Forest
2026-03-10 20:00:13,190 [INFO] logic.model_manager: Trained and saved: Logistic Regression
2026-03-10 20:00:13,204 [INFO] logic.model_manager: Trained and saved: SVM
2026-03-10 20:00:13,448 [INFO] logic.model_manager: Trained and saved: XGBoost
2026-03-10 20:01:36,281 [ERROR] logic.model_manager: Error loading model 'XGBoost': 'ModelManager' object has no attribute 'xgb_model'
2026-03-13 14:49:33,710 [ERROR] __main__: Permutation Importance failed: 'ModelManager' object has no attribute 'models'
2026-03-13 14:49:56,425 [ERROR] __main__: SHAP Analysis failed: 'ModelManager' object has no attribute 'models'
2026-03-13 14:50:01,450 [ERROR] __main__: Sensitivity Analysis failed: 'ModelManager' object has no attribute 'models'
2026-03-13 14:52:17,481 [ERROR] __main__: SHAP Analysis failed: Visualizer.plot_shap_summary() takes 2 positional arguments but 3 were given
